[2026-07-31 12:51:41] Engagement orchestrator started
[2026-07-31 12:51:42] === Engagement cycle ===
[2026-07-31 12:51:42] RUN: python3 /Users/prateekposwal/Desktop/block-space-economics/tools/bridge/reply-engine.py 
[2026-07-31 12:55:35] Replies today: 0
[2026-07-31 12:55:35] RUN: python3 /Users/prateekposwal/Desktop/block-space-economics/tools/bridge/comment-engine.py 8
[2026-07-31 12:58:09]   [2] I just submitted a Bitcoin Core pull request imple (dev)
[2026-07-31 12:58:09] STDERR: /Versions/3.9/lib/python3.9/subprocess.py", line 1821, in _execute_child
    raise child_exception_type(errno_num, err_msg, err_filename)
FileNotFoundError: [Errno 2] No such file or directory: 'node'
[2026-07-31 12:58:09] RUN: python3 /Users/prateekposwal/Desktop/block-space-economics/tools/bridge/engage-engine.py 3 3
[2026-07-31 13:00:15] Cycle done. LinkedIn: 0/3, Medium: 0/3
[2026-07-31 13:00:16] RUN: python3 /Users/prateekposwal/Desktop/block-space-economics/tools/bridge/scheduler.py 
[2026-07-31 13:04:13] [18:30:19] [Scheduler] === Compliant publishing cycle ===
[2026-07-31 13:04:13] STDERR: _check_timeout
    raise TimeoutExpired(
subprocess.TimeoutExpired: Command '['python3', '/Users/prateekposwal/Desktop/block-space-economics/tools/bridge/reply-engine.py']' timed out after 180 seconds
[2026-07-31 13:04:13] === Cycle complete ===
[2026-07-31 13:38:27] === Engagement cycle ===
[2026-07-31 13:38:28] RUN: python3 /Users/prateekposwal/Desktop/block-space-economics/tools/bridge/reply-engine.py 
[2026-07-31 13:41:53] Replies today: 3
[2026-07-31 13:41:53] RUN: python3 /Users/prateekposwal/Desktop/block-space-economics/tools/bridge/comment-engine.py 8
[2026-07-31 13:44:15]   [2] I’m making this Bitcoin project (dev)
[2026-07-31 13:44:16] STDERR: /Versions/3.9/lib/python3.9/subprocess.py", line 1821, in _execute_child
    raise child_exception_type(errno_num, err_msg, err_filename)
FileNotFoundError: [Errno 2] No such file or directory: 'node'
[2026-07-31 13:44:16] RUN: python3 /Users/prateekposwal/Desktop/block-space-economics/tools/bridge/engage-engine.py 3 3
[2026-07-31 13:48:16] RUN: python3 /Users/prateekposwal/Desktop/block-space-economics/tools/bridge/scheduler.py 
[2026-07-31 13:51:21] [19:18:20] [Scheduler] === Compliant publishing cycle ===
[2026-07-31 13:51:21] STDERR: _check_timeout
    raise TimeoutExpired(
subprocess.TimeoutExpired: Command '['python3', '/Users/prateekposwal/Desktop/block-space-economics/tools/bridge/reply-engine.py']' timed out after 180 seconds
[2026-07-31 13:51:21] === Cycle complete ===
[2026-07-31 14:08:27] === Engagement cycle ===
[2026-07-31 14:08:27] RUN: python3 /Users/prateekposwal/Desktop/block-space-economics/tools/bridge/reply-engine.py 
[2026-07-31 14:10:57] Replies today: 3
[2026-07-31 14:10:57] RUN: python3 /Users/prateekposwal/Desktop/block-space-economics/tools/bridge/comment-engine.py 8
[2026-07-31 14:11:58]   [2] Bitcoin Development Update (dev)
[2026-07-31 14:11:58] STDERR: /Versions/3.9/lib/python3.9/subprocess.py", line 1821, in _execute_child
    raise child_exception_type(errno_num, err_msg, err_filename)
FileNotFoundError: [Errno 2] No such file or directory: 'node'
[2026-07-31 14:11:58] RUN: python3 /Users/prateekposwal/Desktop/block-space-economics/tools/bridge/engage-engine.py 3 3
[2026-07-31 14:15:58] RUN: python3 /Users/prateekposwal/Desktop/block-space-economics/tools/bridge/scheduler.py 
[2026-07-31 14:19:06] [19:46:05] [Scheduler] === Compliant publishing cycle ===
[2026-07-31 14:19:06] STDERR: _check_timeout
    raise TimeoutExpired(
subprocess.TimeoutExpired: Command '['python3', '/Users/prateekposwal/Desktop/block-space-economics/tools/bridge/reply-engine.py']' timed out after 180 seconds
[2026-07-31 14:19:06] === Cycle complete ===
[2026-07-31 14:38:27] === Engagement cycle ===
[2026-07-31 14:38:27] RUN: python3 /Users/prateekposwal/Desktop/block-space-economics/tools/bridge/reply-engine.py 
[2026-07-31 14:42:28] RUN: python3 /Users/prateekposwal/Desktop/block-space-economics/tools/bridge/comment-engine.py 8
[2026-07-31 14:44:57]   [2] User lost 3 btc due to Coldcard hack. Check your b (security)
[2026-07-31 14:44:57] STDERR: /Versions/3.9/lib/python3.9/subprocess.py", line 1821, in _execute_child
    raise child_exception_type(errno_num, err_msg, err_filename)
FileNotFoundError: [Errno 2] No such file or directory: 'node'
[2026-07-31 14:44:57] RUN: python3 /Users/prateekposwal/Desktop/block-space-economics/tools/bridge/engage-engine.py 3 3
[2026-07-31 14:48:58] RUN: python3 /Users/prateekposwal/Desktop/block-space-economics/tools/bridge/scheduler.py 
[2026-07-31 14:51:59] [20:18:58] [Scheduler] === Compliant publishing cycle ===
[2026-07-31 14:51:59] STDERR: _check_timeout
    raise TimeoutExpired(
subprocess.TimeoutExpired: Command '['python3', '/Users/prateekposwal/Desktop/block-space-economics/tools/bridge/reply-engine.py']' timed out after 180 seconds
[2026-07-31 14:51:59] === Cycle complete ===
