<anonymous_script>:1
{

SyntaxError: Expected property name or '}' in JSON at position 1 (line 1 column 2)
    at JSON.parse (<anonymous>)
    at /Users/prateekposwal/Desktop/block-space-economics/tools/bridge/orchestrator.js:69:44
    at ChildProcess.exithandler (node:child_process:410:7)
    at ChildProcess.emit (node:events:508:28)
    at maybeClose (node:internal/child_process:1101:16)
    at ChildProcess._handle.onexit (node:internal/child_process:305:5)

Node.js v24.12.0
<anonymous_script>:1
{

SyntaxError: Expected property name or '}' in JSON at position 1 (line 1 column 2)
    at JSON.parse (<anonymous>)
    at /Users/prateekposwal/Desktop/block-space-economics/tools/bridge/orchestrator.js:69:44
    at ChildProcess.exithandler (node:child_process:410:7)
    at ChildProcess.emit (node:events:508:28)
    at maybeClose (node:internal/child_process:1101:16)
    at Socket.<anonymous> (node:internal/child_process:457:11)
    at Socket.emit (node:events:508:28)
    at Pipe.<anonymous> (node:net:346:12)

Node.js v24.12.0
<anonymous_script>:1
{

SyntaxError: Expected property name or '}' in JSON at position 1 (line 1 column 2)
    at JSON.parse (<anonymous>)
    at /Users/prateekposwal/Desktop/block-space-economics/tools/bridge/orchestrator.js:69:44
    at ChildProcess.exithandler (node:child_process:410:7)
    at ChildProcess.emit (node:events:508:28)
    at maybeClose (node:internal/child_process:1101:16)
    at Socket.<anonymous> (node:internal/child_process:457:11)
    at Socket.emit (node:events:508:28)
    at Pipe.<anonymous> (node:net:346:12)

Node.js v24.12.0
<anonymous_script>:1
{

SyntaxError: Expected property name or '}' in JSON at position 1 (line 1 column 2)
    at JSON.parse (<anonymous>)
    at /Users/prateekposwal/Desktop/block-space-economics/tools/bridge/orchestrator.js:69:44
    at ChildProcess.exithandler (node:child_process:410:7)
    at ChildProcess.emit (node:events:508:28)
    at maybeClose (node:internal/child_process:1101:16)
    at ChildProcess._handle.onexit (node:internal/child_process:305:5)

Node.js v24.12.0
<anonymous_script>:1
{

SyntaxError: Expected property name or '}' in JSON at position 1 (line 1 column 2)
    at JSON.parse (<anonymous>)
    at /Users/prateekposwal/Desktop/block-space-economics/tools/bridge/orchestrator.js:69:44
    at ChildProcess.exithandler (node:child_process:410:7)
    at ChildProcess.emit (node:events:508:28)
    at maybeClose (node:internal/child_process:1101:16)
    at Socket.<anonymous> (node:internal/child_process:457:11)
    at Socket.emit (node:events:508:28)
    at Pipe.<anonymous> (node:net:346:12)

Node.js v24.12.0
<anonymous_script>:1
{

SyntaxError: Expected property name or '}' in JSON at position 1 (line 1 column 2)
    at JSON.parse (<anonymous>)
    at /Users/prateekposwal/Desktop/block-space-economics/tools/bridge/orchestrator.js:69:44
    at ChildProcess.exithandler (node:child_process:410:7)
    at ChildProcess.emit (node:events:508:28)
    at maybeClose (node:internal/child_process:1101:16)
    at ChildProcess._handle.onexit (node:internal/child_process:305:5)

Node.js v24.12.0
<anonymous_script>:1
{

SyntaxError: Expected property name or '}' in JSON at position 1 (line 1 column 2)
    at JSON.parse (<anonymous>)
    at /Users/prateekposwal/Desktop/block-space-economics/tools/bridge/orchestrator.js:69:44
    at ChildProcess.exithandler (node:child_process:410:7)
    at ChildProcess.emit (node:events:508:28)
    at maybeClose (node:internal/child_process:1101:16)
    at Socket.<anonymous> (node:internal/child_process:457:11)
    at Socket.emit (node:events:508:28)
    at Pipe.<anonymous> (node:net:346:12)

Node.js v24.12.0
<anonymous_script>:1
{

SyntaxError: Expected property name or '}' in JSON at position 1 (line 1 column 2)
    at JSON.parse (<anonymous>)
    at /Users/prateekposwal/Desktop/block-space-economics/tools/bridge/orchestrator.js:69:44
    at ChildProcess.exithandler (node:child_process:410:7)
    at ChildProcess.emit (node:events:508:28)
    at maybeClose (node:internal/child_process:1101:16)
    at ChildProcess._handle.onexit (node:internal/child_process:305:5)

Node.js v24.12.0
<anonymous_script>:1
{

SyntaxError: Expected property name or '}' in JSON at position 1 (line 1 column 2)
    at JSON.parse (<anonymous>)
    at /Users/prateekposwal/Desktop/block-space-economics/tools/bridge/orchestrator.js:69:44
    at ChildProcess.exithandler (node:child_process:410:7)
    at ChildProcess.emit (node:events:508:28)
    at maybeClose (node:internal/child_process:1101:16)
    at ChildProcess._handle.onexit (node:internal/child_process:305:5)

Node.js v24.12.0
<anonymous_script>:1
{

SyntaxError: Expected property name or '}' in JSON at position 1 (line 1 column 2)
    at JSON.parse (<anonymous>)
    at /Users/prateekposwal/Desktop/block-space-economics/tools/bridge/orchestrator.js:69:44
    at ChildProcess.exithandler (node:child_process:410:7)
    at ChildProcess.emit (node:events:508:28)
    at maybeClose (node:internal/child_process:1101:16)
    at Socket.<anonymous> (node:internal/child_process:457:11)
    at Socket.emit (node:events:508:28)
    at Pipe.<anonymous> (node:net:346:12)

Node.js v24.12.0
<anonymous_script>:1
{

SyntaxError: Expected property name or '}' in JSON at position 1 (line 1 column 2)
    at JSON.parse (<anonymous>)
    at /Users/prateekposwal/Desktop/block-space-economics/tools/bridge/orchestrator.js:69:44
    at ChildProcess.exithandler (node:child_process:410:7)
    at ChildProcess.emit (node:events:508:28)
    at maybeClose (node:internal/child_process:1101:16)
    at Socket.<anonymous> (node:internal/child_process:457:11)
    at Socket.emit (node:events:508:28)
    at Pipe.<anonymous> (node:net:346:12)

Node.js v24.12.0
<anonymous_script>:1
{

SyntaxError: Expected property name or '}' in JSON at position 1 (line 1 column 2)
    at JSON.parse (<anonymous>)
    at /Users/prateekposwal/Desktop/block-space-economics/tools/bridge/orchestrator.js:69:44
    at ChildProcess.exithandler (node:child_process:410:7)
    at ChildProcess.emit (node:events:508:28)
    at maybeClose (node:internal/child_process:1101:16)
    at ChildProcess._handle.onexit (node:internal/child_process:305:5)

Node.js v24.12.0
<anonymous_script>:1
{

SyntaxError: Expected property name or '}' in JSON at position 1 (line 1 column 2)
    at JSON.parse (<anonymous>)
    at /Users/prateekposwal/Desktop/block-space-economics/tools/bridge/orchestrator.js:69:44
    at ChildProcess.exithandler (node:child_process:410:7)
    at ChildProcess.emit (node:events:508:28)
    at maybeClose (node:internal/child_process:1101:16)
    at ChildProcess._handle.onexit (node:internal/child_process:305:5)

Node.js v24.12.0
<anonymous_script>:1
{

SyntaxError: Expected property name or '}' in JSON at position 1 (line 1 column 2)
    at JSON.parse (<anonymous>)
    at /Users/prateekposwal/Desktop/block-space-economics/tools/bridge/orchestrator.js:69:44
    at ChildProcess.exithandler (node:child_process:410:7)
    at ChildProcess.emit (node:events:508:28)
    at maybeClose (node:internal/child_process:1101:16)
    at ChildProcess._handle.onexit (node:internal/child_process:305:5)

Node.js v24.12.0
<anonymous_script>:1
{

SyntaxError: Expected property name or '}' in JSON at position 1 (line 1 column 2)
    at JSON.parse (<anonymous>)
    at /Users/prateekposwal/Desktop/block-space-economics/tools/bridge/orchestrator.js:69:44
    at ChildProcess.exithandler (node:child_process:410:7)
    at ChildProcess.emit (node:events:508:28)
    at maybeClose (node:internal/child_process:1101:16)
    at ChildProcess._handle.onexit (node:internal/child_process:305:5)

Node.js v24.12.0
<anonymous_script>:1
{

SyntaxError: Expected property name or '}' in JSON at position 1 (line 1 column 2)
    at JSON.parse (<anonymous>)
    at /Users/prateekposwal/Desktop/block-space-economics/tools/bridge/orchestrator.js:69:44
    at ChildProcess.exithandler (node:child_process:410:7)
    at ChildProcess.emit (node:events:508:28)
    at maybeClose (node:internal/child_process:1101:16)
    at ChildProcess._handle.onexit (node:internal/child_process:305:5)

Node.js v24.12.0
