[2026-07-31 12:51:41] Engagement orchestrator started
[2026-07-31 12:51:42] === Engagement cycle ===
[2026-07-31 12:51:42] RUN: python3 /Users/prateekposwal/Desktop/block-space-economics/tools/bridge/reply-engine.py 
[2026-07-31 12:55:35] Replies today: 0
[2026-07-31 12:55:35] RUN: python3 /Users/prateekposwal/Desktop/block-space-economics/tools/bridge/comment-engine.py 8
[2026-07-31 12:58:09]   [2] I just submitted a Bitcoin Core pull request imple (dev)
[2026-07-31 12:58:09] STDERR: /Versions/3.9/lib/python3.9/subprocess.py", line 1821, in _execute_child
    raise child_exception_type(errno_num, err_msg, err_filename)
FileNotFoundError: [Errno 2] No such file or directory: 'node'
[2026-07-31 12:58:09] RUN: python3 /Users/prateekposwal/Desktop/block-space-economics/tools/bridge/engage-engine.py 3 3
[2026-07-31 13:00:15] Cycle done. LinkedIn: 0/3, Medium: 0/3
[2026-07-31 13:00:16] RUN: python3 /Users/prateekposwal/Desktop/block-space-economics/tools/bridge/scheduler.py 
[2026-07-31 13:04:13] [18:30:19] [Scheduler] === Compliant publishing cycle ===
[2026-07-31 13:04:13] STDERR: _check_timeout
    raise TimeoutExpired(
subprocess.TimeoutExpired: Command '['python3', '/Users/prateekposwal/Desktop/block-space-economics/tools/bridge/reply-engine.py']' timed out after 180 seconds
[2026-07-31 13:04:13] === Cycle complete ===
[2026-07-31 13:38:27] === Engagement cycle ===
[2026-07-31 13:38:28] RUN: python3 /Users/prateekposwal/Desktop/block-space-economics/tools/bridge/reply-engine.py 
[2026-07-31 13:41:53] Replies today: 3
[2026-07-31 13:41:53] RUN: python3 /Users/prateekposwal/Desktop/block-space-economics/tools/bridge/comment-engine.py 8
[2026-07-31 13:44:15]   [2] I’m making this Bitcoin project (dev)
[2026-07-31 13:44:16] STDERR: /Versions/3.9/lib/python3.9/subprocess.py", line 1821, in _execute_child
    raise child_exception_type(errno_num, err_msg, err_filename)
FileNotFoundError: [Errno 2] No such file or directory: 'node'
[2026-07-31 13:44:16] RUN: python3 /Users/prateekposwal/Desktop/block-space-economics/tools/bridge/engage-engine.py 3 3
[2026-07-31 13:48:16] RUN: python3 /Users/prateekposwal/Desktop/block-space-economics/tools/bridge/scheduler.py 
[2026-07-31 13:51:21] [19:18:20] [Scheduler] === Compliant publishing cycle ===
[2026-07-31 13:51:21] STDERR: _check_timeout
    raise TimeoutExpired(
subprocess.TimeoutExpired: Command '['python3', '/Users/prateekposwal/Desktop/block-space-economics/tools/bridge/reply-engine.py']' timed out after 180 seconds
[2026-07-31 13:51:21] === Cycle complete ===
[2026-07-31 14:08:27] === Engagement cycle ===
[2026-07-31 14:08:27] RUN: python3 /Users/prateekposwal/Desktop/block-space-economics/tools/bridge/reply-engine.py 
[2026-07-31 14:10:57] Replies today: 3
[2026-07-31 14:10:57] RUN: python3 /Users/prateekposwal/Desktop/block-space-economics/tools/bridge/comment-engine.py 8
[2026-07-31 14:11:58]   [2] Bitcoin Development Update (dev)
[2026-07-31 14:11:58] STDERR: /Versions/3.9/lib/python3.9/subprocess.py", line 1821, in _execute_child
    raise child_exception_type(errno_num, err_msg, err_filename)
FileNotFoundError: [Errno 2] No such file or directory: 'node'
[2026-07-31 14:11:58] RUN: python3 /Users/prateekposwal/Desktop/block-space-economics/tools/bridge/engage-engine.py 3 3
[2026-07-31 14:15:58] RUN: python3 /Users/prateekposwal/Desktop/block-space-economics/tools/bridge/scheduler.py 
[2026-07-31 14:19:06] [19:46:05] [Scheduler] === Compliant publishing cycle ===
[2026-07-31 14:19:06] STDERR: _check_timeout
    raise TimeoutExpired(
subprocess.TimeoutExpired: Command '['python3', '/Users/prateekposwal/Desktop/block-space-economics/tools/bridge/reply-engine.py']' timed out after 180 seconds
[2026-07-31 14:19:06] === Cycle complete ===
[2026-07-31 14:38:27] === Engagement cycle ===
[2026-07-31 14:38:27] RUN: python3 /Users/prateekposwal/Desktop/block-space-economics/tools/bridge/reply-engine.py 
[2026-07-31 14:42:28] RUN: python3 /Users/prateekposwal/Desktop/block-space-economics/tools/bridge/comment-engine.py 8
[2026-07-31 14:44:57]   [2] User lost 3 btc due to Coldcard hack. Check your b (security)
[2026-07-31 14:44:57] STDERR: /Versions/3.9/lib/python3.9/subprocess.py", line 1821, in _execute_child
    raise child_exception_type(errno_num, err_msg, err_filename)
FileNotFoundError: [Errno 2] No such file or directory: 'node'
[2026-07-31 14:44:57] RUN: python3 /Users/prateekposwal/Desktop/block-space-economics/tools/bridge/engage-engine.py 3 3
[2026-07-31 14:48:58] RUN: python3 /Users/prateekposwal/Desktop/block-space-economics/tools/bridge/scheduler.py 
[2026-07-31 14:51:59] [20:18:58] [Scheduler] === Compliant publishing cycle ===
[2026-07-31 14:51:59] STDERR: _check_timeout
    raise TimeoutExpired(
subprocess.TimeoutExpired: Command '['python3', '/Users/prateekposwal/Desktop/block-space-economics/tools/bridge/reply-engine.py']' timed out after 180 seconds
[2026-07-31 14:51:59] === Cycle complete ===
[2026-07-31 15:10:27] === Engagement cycle ===
[2026-07-31 15:10:28] RUN: python3 /Users/prateekposwal/Desktop/block-space-economics/tools/bridge/reply-engine.py 
[2026-07-31 15:13:04] Replies today: 3
[2026-07-31 15:13:04] RUN: python3 /Users/prateekposwal/Desktop/block-space-economics/tools/bridge/comment-engine.py 8
[2026-07-31 15:14:05]   [2] Bitcoin Development Update (dev)
[2026-07-31 15:14:05] STDERR: /Versions/3.9/lib/python3.9/subprocess.py", line 1821, in _execute_child
    raise child_exception_type(errno_num, err_msg, err_filename)
FileNotFoundError: [Errno 2] No such file or directory: 'node'
[2026-07-31 15:14:05] RUN: python3 /Users/prateekposwal/Desktop/block-space-economics/tools/bridge/engage-engine.py 3 3
[2026-07-31 15:18:05] RUN: python3 /Users/prateekposwal/Desktop/block-space-economics/tools/bridge/scheduler.py 
[2026-07-31 15:21:10] [20:48:10] [Scheduler] === Compliant publishing cycle ===
[2026-07-31 15:21:10] STDERR: _check_timeout
    raise TimeoutExpired(
subprocess.TimeoutExpired: Command '['python3', '/Users/prateekposwal/Desktop/block-space-economics/tools/bridge/reply-engine.py']' timed out after 180 seconds
[2026-07-31 15:21:10] === Cycle complete ===
[2026-07-31 15:30:35] Engagement orchestrator v3 started (work 4h / rest 2h)
[2026-07-31 15:30:35] === Engagement cycle ===
[2026-07-31 15:30:35] RUN: reply-engine.py 
[2026-07-31 15:30:44] Engagement orchestrator v3 started (work 4h / rest 2h)
[2026-07-31 15:30:44] === Engagement cycle ===
[2026-07-31 15:30:44] RUN: reply-engine.py 
[2026-07-31 15:30:54] Engagement orchestrator v3 started (work 4h / rest 2h)
[2026-07-31 15:30:54] === Engagement cycle ===
[2026-07-31 15:30:54] RUN: reply-engine.py 
[2026-07-31 15:31:08] Engagement orchestrator v3 started (work 4h / rest 2h)
[2026-07-31 15:31:08] === Engagement cycle ===
[2026-07-31 15:31:08] RUN: reply-engine.py 
[2026-07-31 15:31:16] Engagement orchestrator v3 started (work 4h / rest 2h)
[2026-07-31 15:31:16] === Engagement cycle ===
[2026-07-31 15:31:16] RUN: reply-engine.py 
[2026-07-31 15:31:43] Engagement orchestrator v3 started (work 4h / rest 2h)
[2026-07-31 15:31:44] === Engagement cycle ===
[2026-07-31 15:31:45] RUN: reply-engine.py 
[2026-07-31 15:31:50] Engagement orchestrator v3 started (work 4h / rest 2h)
[2026-07-31 15:31:50] === Engagement cycle ===
[2026-07-31 15:31:50] RUN: reply-engine.py 
[2026-07-31 15:32:02] Engagement orchestrator v3 started (work 4h / rest 2h)
[2026-07-31 15:32:02] === Engagement cycle ===
[2026-07-31 15:32:02] RUN: reply-engine.py 
[2026-07-31 15:32:10] Engagement orchestrator v3 started (work 4h / rest 2h)
[2026-07-31 15:32:10] === Engagement cycle ===
[2026-07-31 15:32:10] RUN: reply-engine.py 
[2026-07-31 15:32:21] Engagement orchestrator v3 started (work 4h / rest 2h)
[2026-07-31 15:32:21] === Engagement cycle ===
[2026-07-31 15:32:21] RUN: reply-engine.py 
[2026-07-31 15:32:30] Engagement orchestrator v3 started (work 4h / rest 2h)
[2026-07-31 15:32:30] === Engagement cycle ===
[2026-07-31 15:32:30] RUN: reply-engine.py 
[2026-07-31 15:32:41] Engagement orchestrator v3 started (work 4h / rest 2h)
[2026-07-31 15:32:41] === Engagement cycle ===
[2026-07-31 15:32:41] RUN: reply-engine.py 
[2026-07-31 15:32:51] Engagement orchestrator v3 started (work 4h / rest 2h)
[2026-07-31 15:32:51] === Engagement cycle ===
[2026-07-31 15:32:51] RUN: reply-engine.py 
[2026-07-31 15:33:01] Engagement orchestrator v3 started (work 4h / rest 2h)
[2026-07-31 15:33:01] === Engagement cycle ===
[2026-07-31 15:33:01] RUN: reply-engine.py 
[2026-07-31 15:33:14] Engagement orchestrator v3 started (work 4h / rest 2h)
[2026-07-31 15:33:14] === Engagement cycle ===
[2026-07-31 15:33:14] RUN: reply-engine.py 
[2026-07-31 15:33:22] Engagement orchestrator v3 started (work 4h / rest 2h)
[2026-07-31 15:33:22] === Engagement cycle ===
[2026-07-31 15:33:22] RUN: reply-engine.py 
[2026-07-31 15:33:34] Engagement orchestrator v3 started (work 4h / rest 2h)
[2026-07-31 15:33:34] === Engagement cycle ===
[2026-07-31 15:33:34] RUN: reply-engine.py 
[2026-07-31 15:33:34] Feedback: {"fees":0.33444987333555487,"mempool":0.04117902911249925,"blocks":0.18781445122402704,"lightning":0.18781445122402704,"
[2026-07-31 15:33:34] STDERR: ecent call last):
  File "/Users/prateekposwal/Desktop/block-space-economics/tools/bridge/reply-engine.py", line 18, in <module>
    import seen_state
ModuleNotFoundError: No module named 'seen_state'
[2026-07-31 15:33:34] RUN: comment-engine.py 8
[2026-07-31 15:33:34] STDERR: ent call last):
  File "/Users/prateekposwal/Desktop/block-space-economics/tools/bridge/comment-engine.py", line 21, in <module>
    import seen_state
ModuleNotFoundError: No module named 'seen_state'
[2026-07-31 15:33:34] RUN: engage-engine.py 3 3
[2026-07-31 15:33:34] STDERR: cent call last):
  File "/Users/prateekposwal/Desktop/block-space-economics/tools/bridge/engage-engine.py", line 14, in <module>
    import seen_state
ModuleNotFoundError: No module named 'seen_state'
[2026-07-31 15:33:34] RUN: scheduler.py 
[2026-07-31 15:33:55] Engagement orchestrator v3 started (work 4h / rest 2h)
[2026-07-31 15:33:56] === Engagement cycle ===
[2026-07-31 15:33:56] RUN: reply-engine.py 
[2026-07-31 15:33:58] Feedback: {"fees":0.3344485776553381,"mempool":0.04117979353253706,"blocks":0.1878141855939376,"lightning":0.1878141855939376,"nod
[2026-07-31 15:33:58] STDERR: ecent call last):
  File "/Users/prateekposwal/Desktop/block-space-economics/tools/bridge/reply-engine.py", line 18, in <module>
    import seen_state
ModuleNotFoundError: No module named 'seen_state'
[2026-07-31 15:33:58] RUN: comment-engine.py 8
[2026-07-31 15:33:58] STDERR: ent call last):
  File "/Users/prateekposwal/Desktop/block-space-economics/tools/bridge/comment-engine.py", line 21, in <module>
    import seen_state
ModuleNotFoundError: No module named 'seen_state'
[2026-07-31 15:33:58] RUN: engage-engine.py 3 3
[2026-07-31 15:33:58] STDERR: cent call last):
  File "/Users/prateekposwal/Desktop/block-space-economics/tools/bridge/engage-engine.py", line 14, in <module>
    import seen_state
ModuleNotFoundError: No module named 'seen_state'
[2026-07-31 15:33:58] RUN: scheduler.py 
[2026-07-31 15:34:44] Engagement orchestrator v3 started (work 4h / rest 2h)
[2026-07-31 15:34:44] === Engagement cycle ===
[2026-07-31 15:34:44] RUN: reply-engine.py 
[2026-07-31 15:34:44] Feedback: {"fees":0.3344461046047641,"mempool":0.04118125257265266,"blocks":0.1878136785887084,"lightning":0.1878136785887084,"nod
[2026-07-31 15:34:50] No inbox messages fetched (browser busy or session stale).
[2026-07-31 15:34:51] RUN: comment-engine.py 8
[2026-07-31 15:36:16] Cycle done. Comments today: 6/50
[2026-07-31 15:36:17] RUN: engage-engine.py 3 3
[2026-07-31 15:36:58] Cycle done. LinkedIn: 0/3, Medium: 0/3
[2026-07-31 15:36:58] RUN: scheduler.py 
[2026-07-31 15:37:59] [21:07:59] [Scheduler] === Cycle complete ===
[2026-07-31 15:37:59] === Cycle complete ===
[2026-07-31 16:28:21] === Engagement cycle ===
[2026-07-31 16:28:22] RUN: reply-engine.py 
[2026-07-31 16:28:22] Feedback: {"fees":0.3342733294522798,"mempool":0.04128318574017713,"blocks":0.18777825759622846,"lightning":0.18777825759622846,"n
[2026-07-31 16:30:04] Replies today: 3
[2026-07-31 16:30:04] RUN: comment-engine.py 8
[2026-07-31 16:30:08] Cycle done. Comments today: 6/50
[2026-07-31 16:30:08] RUN: engage-engine.py 3 3
[2026-07-31 16:30:10] Cycle done. LinkedIn: 0/3, Medium: 0/3
[2026-07-31 16:30:10] RUN: scheduler.py 
[2026-07-31 16:31:55] [22:01:55] [Scheduler] === Cycle complete ===
[2026-07-31 16:31:55] === Cycle complete ===
[2026-07-31 17:01:56] === Engagement cycle ===
[2026-07-31 17:01:57] RUN: reply-engine.py 
[2026-07-31 17:01:58] Feedback: {"fees":0.3064664541212473,"mempool":0.05768857066210514,"blocks":0.18207751239167624,"lightning":0.18207751239167624,"n
[2026-07-31 17:02:35] No inbox messages fetched (browser busy or session stale).
[2026-07-31 17:02:35] RUN: comment-engine.py 8
[2026-07-31 17:02:42] Cycle done. Comments today: 6/50
[2026-07-31 17:02:42] RUN: engage-engine.py 3 3
[2026-07-31 17:02:51] Cycle done. LinkedIn: 0/3, Medium: 0/3
[2026-07-31 17:02:51] RUN: scheduler.py 
[2026-07-31 17:05:51] [22:35:51] [Scheduler] === Cycle complete ===
[2026-07-31 17:05:52] === Cycle complete ===
[2026-07-31 17:42:43] === Engagement cycle ===
[2026-07-31 17:42:43] RUN: reply-engine.py 
[2026-07-31 17:42:44] Feedback: {"fees":0.2857946874291408,"mempool":0.06988441379669245,"blocks":0.17783955061291665,"lightning":0.17783955061291665,"n
[2026-07-31 17:42:50] No inbox messages fetched (browser busy or session stale).
[2026-07-31 17:42:50] RUN: comment-engine.py 8
[2026-07-31 17:42:50] Cycle done. Comments today: 6/50
[2026-07-31 17:42:50] RUN: engage-engine.py 3 3
[2026-07-31 17:43:00] Cycle done. LinkedIn: 0/3, Medium: 0/3
[2026-07-31 17:43:00] RUN: scheduler.py 
[2026-07-31 17:43:37] [23:13:37] [Scheduler] === Cycle complete ===
[2026-07-31 17:43:37] === Cycle complete ===
[2026-07-31 18:11:19] Engagement orchestrator v3 started (work 4h / rest 2h)
[2026-07-31 18:11:19] === Engagement cycle ===
[2026-07-31 18:11:19] RUN: reply-engine.py 
[2026-07-31 18:11:27] No inbox messages fetched (browser busy or session stale).
[2026-07-31 18:11:27] RUN: comment-engine.py 8
[2026-07-31 18:11:27] Cycle done. Comments today: 6/50
[2026-07-31 18:11:27] RUN: engage-engine.py 3 3
[2026-07-31 18:11:27] Cycle done. LinkedIn: 0/3, Medium: 0/3
[2026-07-31 18:11:27] RUN: scheduler.py 
[2026-07-31 18:12:21] [23:42:21] [Scheduler] === Cycle complete ===
[2026-07-31 18:12:21] === Cycle complete ===
[2026-07-31 18:50:44] === Engagement cycle ===
[2026-07-31 18:50:44] RUN: reply-engine.py 
[2026-07-31 18:51:09] No inbox messages fetched (browser busy or session stale).
[2026-07-31 18:51:09] RUN: comment-engine.py 8
[2026-07-31 18:51:14] Cycle done. Comments today: 0/50
[2026-07-31 18:51:14] RUN: engage-engine.py 3 3
[2026-07-31 18:51:16] Cycle done. LinkedIn: 0/3, Medium: 0/3
[2026-07-31 18:51:16] RUN: scheduler.py 
[2026-07-31 18:52:14] [00:22:14] [Scheduler] === Cycle complete ===
[2026-07-31 18:52:14] === Cycle complete ===
[2026-07-31 19:10:41] Engagement orchestrator v3 started (work 4h / rest 2h)
[2026-07-31 19:10:41] === Engagement cycle ===
[2026-07-31 19:10:42] RUN: reply-engine.py 
[2026-07-31 19:11:14] No inbox messages fetched (browser busy or session stale).
[2026-07-31 19:11:14] RUN: comment-engine.py 8
[2026-07-31 19:11:20] Cycle done. Comments today: 0/50
[2026-07-31 19:11:20] ENGAGE: LinkedIn/Medium engagement disabled (policy) — see docs/decisions/2026-07-31-engagement.md
[2026-07-31 19:11:20] RUN: scheduler.py 
[2026-07-31 19:12:09] [00:42:09] [Scheduler] === Cycle complete ===
[2026-07-31 19:12:09] === Cycle complete ===
[2026-07-31 19:42:11] === Engagement cycle ===
[2026-07-31 19:42:12] RUN: reply-engine.py 
[2026-07-31 19:42:42] No inbox messages fetched (browser busy or session stale).
[2026-07-31 19:42:42] RUN: comment-engine.py 8
[2026-07-31 19:46:44] ENGAGE: LinkedIn/Medium engagement disabled (policy) — see docs/decisions/2026-07-31-engagement.md
[2026-07-31 19:46:45] RUN: scheduler.py 
[2026-07-31 19:47:53] [01:17:53] [Scheduler] === Cycle complete ===
[2026-07-31 19:47:54] === Cycle complete ===
[2026-07-31 20:17:54] === Engagement cycle ===
[2026-07-31 20:17:54] RUN: reply-engine.py 
[2026-07-31 20:18:10] Replies today: 0
[2026-07-31 20:18:10] RUN: comment-engine.py 8
[2026-07-31 20:21:23] Cycle done. Comments today: 0/50
[2026-07-31 20:21:23] ENGAGE: LinkedIn/Medium engagement disabled (policy) — see docs/decisions/2026-07-31-engagement.md
[2026-07-31 20:21:23] RUN: scheduler.py 
[2026-07-31 20:22:11] [01:52:11] [Scheduler] === Cycle complete ===
[2026-07-31 20:22:11] === Cycle complete ===
[2026-07-31 20:24:01] Engagement orchestrator v3 started (work 4h / rest 2h)
[2026-07-31 20:24:02] === Engagement cycle ===
[2026-07-31 20:24:02] RUN: reply-engine.py 
[2026-07-31 20:24:10] CHROME_UNAVAILABLE — browser not reachable for inbox fetch
[2026-07-31 20:24:10] RUN: comment-engine.py 8
[2026-07-31 20:25:12] Cycle done. Comments today: 0/50
[2026-07-31 20:25:12] ENGAGE: LinkedIn/Medium engagement disabled (policy) — see docs/decisions/2026-07-31-engagement.md
[2026-07-31 20:25:12] RUN: scheduler.py 
[2026-07-31 20:25:13] [01:55:13] [Scheduler] === Cycle complete ===
[2026-07-31 20:25:13] === Cycle complete ===
[2026-07-31 21:01:19] === Engagement cycle ===
[2026-07-31 21:01:20] RUN: reply-engine.py 
[2026-07-31 21:01:41] CHROME_UNAVAILABLE — browser not reachable for inbox fetch
[2026-07-31 21:01:41] RUN: comment-engine.py 8
[2026-07-31 21:02:52] Cycle done. Comments today: 0/50
[2026-07-31 21:02:52] ENGAGE: LinkedIn/Medium engagement disabled (policy) — see docs/decisions/2026-07-31-engagement.md
[2026-07-31 21:02:52] RUN: scheduler.py 
[2026-07-31 21:02:52] [02:32:52] [Scheduler] === Cycle complete ===
[2026-07-31 21:02:52] === Cycle complete ===
[2026-07-31 21:38:52] === Engagement cycle ===
[2026-07-31 21:38:53] RUN: reply-engine.py 
[2026-07-31 21:39:21] CHROME_UNAVAILABLE — browser not reachable for inbox fetch
[2026-07-31 21:39:21] RUN: comment-engine.py 8
[2026-07-31 21:40:26] Cycle done. Comments today: 0/50
[2026-07-31 21:40:26] ENGAGE: LinkedIn/Medium engagement disabled (policy) — see docs/decisions/2026-07-31-engagement.md
[2026-07-31 21:40:26] RUN: scheduler.py 
[2026-07-31 21:40:30] [03:10:30] [Scheduler] === Cycle complete ===
[2026-07-31 21:40:30] === Cycle complete ===
[2026-08-01 05:10:38] === Engagement cycle ===
[2026-08-01 05:10:38] RUN: reply-engine.py 
[2026-08-01 05:10:45] CHROME_UNAVAILABLE — browser not reachable for inbox fetch
[2026-08-01 05:10:45] RUN: comment-engine.py 8
[2026-08-01 05:12:36] Cycle done. Comments today: 0/50
[2026-08-01 05:12:36] ENGAGE: LinkedIn/Medium engagement disabled (policy) — see docs/decisions/2026-07-31-engagement.md
[2026-08-01 05:12:36] RUN: scheduler.py 
[2026-08-01 05:19:05] [10:49:05] [Scheduler] === Cycle complete ===
[2026-08-01 05:19:05] === Cycle complete ===
[2026-08-01 05:51:50] === Engagement cycle ===
[2026-08-01 05:51:50] RUN: reply-engine.py 
[2026-08-01 05:51:56] CHROME_UNAVAILABLE — browser not reachable for inbox fetch
[2026-08-01 05:51:56] RUN: comment-engine.py 8
[2026-08-01 05:52:58] Cycle done. Comments today: 0/50
[2026-08-01 05:52:58] ENGAGE: LinkedIn/Medium engagement disabled (policy) — see docs/decisions/2026-07-31-engagement.md
[2026-08-01 05:52:58] RUN: scheduler.py 
[2026-08-01 05:54:55] [11:24:55] [Scheduler] === Cycle complete ===
[2026-08-01 05:54:55] === Cycle complete ===
[2026-08-01 10:41:17] === Engagement cycle ===
[2026-08-01 10:41:17] RUN: reply-engine.py 
[2026-08-01 10:41:30] CHROME_UNAVAILABLE — browser not reachable for inbox fetch
[2026-08-01 10:41:30] RUN: comment-engine.py 8
[2026-08-01 10:43:44] Cycle done. Comments today: 0/50
[2026-08-01 10:43:44] ENGAGE: LinkedIn/Medium engagement disabled (policy) — see docs/decisions/2026-07-31-engagement.md
[2026-08-01 10:43:44] RUN: scheduler.py 
[2026-08-01 10:45:32] [16:15:32] [Scheduler] === Cycle complete ===
[2026-08-01 10:45:32] === Cycle complete ===
[2026-08-01 11:16:05] === Engagement cycle ===
[2026-08-01 11:16:05] RUN: reply-engine.py 
[2026-08-01 11:16:11] CHROME_UNAVAILABLE — browser not reachable for inbox fetch
[2026-08-01 11:16:11] RUN: comment-engine.py 8
[2026-08-01 11:17:31] Cycle done. Comments today: 0/50
[2026-08-01 11:17:31] ENGAGE: LinkedIn/Medium engagement disabled (policy) — see docs/decisions/2026-07-31-engagement.md
[2026-08-01 11:17:31] RUN: scheduler.py 
[2026-08-01 11:19:12] [16:49:12] [Scheduler] === Cycle complete ===
[2026-08-01 11:19:12] === Cycle complete ===
[2026-08-01 11:49:12] === Engagement cycle ===
[2026-08-01 11:49:12] RUN: reply-engine.py 
[2026-08-01 11:49:21] CHROME_UNAVAILABLE — browser not reachable for inbox fetch
[2026-08-01 11:49:21] RUN: comment-engine.py 8
[2026-08-01 11:50:19] Cycle done. Comments today: 0/50
[2026-08-01 11:50:19] ENGAGE: LinkedIn/Medium engagement disabled (policy) — see docs/decisions/2026-07-31-engagement.md
[2026-08-01 11:50:19] RUN: scheduler.py 
[2026-08-01 11:51:35] [17:21:35] [Scheduler] === Cycle complete ===
[2026-08-01 11:51:35] === Cycle complete ===
[2026-08-01 12:29:37] === Engagement cycle ===
[2026-08-01 12:29:37] RUN: reply-engine.py 
[2026-08-01 12:30:05] CHROME_UNAVAILABLE — browser not reachable for inbox fetch
[2026-08-01 12:30:05] RUN: comment-engine.py 8
[2026-08-01 12:31:16] Cycle done. Comments today: 0/50
[2026-08-01 12:31:16] ENGAGE: LinkedIn/Medium engagement disabled (policy) — see docs/decisions/2026-07-31-engagement.md
[2026-08-01 12:31:16] RUN: scheduler.py 
[2026-08-01 12:32:53] [18:02:53] [Scheduler] === Cycle complete ===
[2026-08-01 12:32:53] === Cycle complete ===
