=== Pre-commit validation ===
.githooks/pre-commit: line 6: node: command not found

❌ Commit blocked: fix errors above before committing.
   Run 'node tools/validate.js' to re-check.
snapshot commit failed: Command failed: git add data/ && git diff --cached --quiet || (git -c user.name="bsahi-snapshot-bot" -c user.email="snapshot@bitcoinsahi.com" commit -m "chore: public snapshot 2026-08-01T13:08" && git pull --rebase origin main && git push)
=== Pre-commit validation ===
.githooks/pre-commit: line 6: node: command not found

❌ Commit blocked: fix errors above before committing.
   Run 'node tools/validate.js' to re-check.
snapshot commit failed: Command failed: git add data/ && git diff --cached --quiet || (git -c user.name="bsahi-snapshot-bot" -c user.email="snapshot@bitcoinsahi.com" commit -m "chore: public snapshot 2026-08-01T14:08" && git pull --rebase origin main && git push)
=== Pre-commit validation ===
.githooks/pre-commit: line 6: node: command not found

❌ Commit blocked: fix errors above before committing.
   Run 'node tools/validate.js' to re-check.
snapshot commit failed: Command failed: git add data/ && git diff --cached --quiet || (git -c user.name="bsahi-snapshot-bot" -c user.email="snapshot@bitcoinsahi.com" commit -m "chore: public snapshot 2026-08-01T14:54" && git pull --rebase origin main && git push)
=== Pre-commit validation ===
.githooks/pre-commit: line 6: node: command not found

❌ Commit blocked: fix errors above before committing.
   Run 'node tools/validate.js' to re-check.
snapshot commit failed: Command failed: git add data/ && git diff --cached --quiet || (git -c user.name="bsahi-snapshot-bot" -c user.email="snapshot@bitcoinsahi.com" commit -m "chore: public snapshot 2026-08-01T16:05" && git pull --rebase origin main && git push)
=== Pre-commit validation ===
.githooks/pre-commit: line 6: node: command not found

❌ Commit blocked: fix errors above before committing.
   Run 'node tools/validate.js' to re-check.
snapshot commit failed: Command failed: git add data/ && git diff --cached --quiet || (git -c user.name="bsahi-snapshot-bot" -c user.email="snapshot@bitcoinsahi.com" commit -m "chore: public snapshot 2026-08-01T16:35" && git pull --rebase origin main && git push)
=== Pre-commit validation ===
.githooks/pre-commit: line 6: node: command not found

❌ Commit blocked: fix errors above before committing.
   Run 'node tools/validate.js' to re-check.
snapshot commit failed: Command failed: git add data/ && git diff --cached --quiet || (git -c user.name="bsahi-snapshot-bot" -c user.email="snapshot@bitcoinsahi.com" commit -m "chore: public snapshot 2026-08-01T17:06" && git pull --rebase origin main && git push)
